// Vitest Snapshot v1, https://vitest.dev/guide/snapshot.html

exports[`Drawer component > renders title and content 1`] = `<div />`;

exports[`Drawer component > renders without crashing 1`] = `<div />`;
