// Vitest Snapshot v1, https://vitest.dev/guide/snapshot.html

exports[`ItemList component > renders title, description and time 1`] = `
<div>
  <div
    class="flex flex-row items-center justify-between gap-2 p-2 rounded-lg hover:bg-gray-50 cursor-pointer"
  >
    <div
      class="flex flex-col gap-4 w-full"
    >
      <div
        class="flex flex-row items-center justify-between"
      >
        <span
          class="ant-typography text-gray-900 text-sm font-medium truncate css-dev-only-do-not-override-l9pxc0"
        >
          Title
        </span>
        <span
          class="ant-typography text-gray-400 text-xs css-dev-only-do-not-override-l9pxc0"
        >
          10:00
        </span>
      </div>
      <span
        class="ant-typography text-gray-400 text-xs truncate css-dev-only-do-not-override-l9pxc0"
      >
        Description
      </span>
    </div>
    <div />
  </div>
</div>
`;
