// Vitest Snapshot v1, https://vitest.dev/guide/snapshot.html

exports[`Link component > renders anchor with href and children 1`] = `
<div>
  <a
    class="ant-typography css-dev-only-do-not-override-l9pxc0"
    href="https://example.com"
  >
    Ir
  </a>
</div>
`;
