// Vitest Snapshot v1, https://vitest.dev/guide/snapshot.html

exports[`Redirect Component > renders footer snapshot 1`] = `<div />`;
