// Vitest Snapshot v1, https://vitest.dev/guide/snapshot.html

exports[`TabsItemContent component > renders with title and children 1`] = `
<div>
  <div
    class="flex flex-col justify-center items-center h-full pb-4"
  >
    <div
      class="flex justify-start items-center w-full pb-2"
      style="width: 512px;"
    >
      <span
        class="ant-typography text-sm font-bold css-dev-only-do-not-override-l9pxc0"
      >
        Mi TÃ­tulo
      </span>
    </div>
    <div
      class="flex flex-col justify-center items-center h-full rounded-lg bg-gray-250"
      style="width: 512px;"
    >
      <div>
        Contenido
      </div>
    </div>
  </div>
</div>
`;
